[2025-10-27 13:20:48] Iniciando uploadInternal...
[2025-10-27 13:20:48] Archivo movido correctamente: /Applications/MAMP/htdocs/borjasdesign/app/controllers/admin/../../../products/81/images//web-design-verde.jpeg
[2025-10-27 13:46:02] Iniciando uploadInternal...
[2025-10-27 13:46:02] Archivo movido correctamente: /Applications/MAMP/htdocs/borjasdesign/app/controllers/admin/../../../products/82/images//marketing-verde.png
[2025-10-27 13:47:28] Iniciando uploadInternal...
[2025-10-27 13:47:29] Archivo movido correctamente: /Applications/MAMP/htdocs/borjasdesign/app/controllers/admin/../../../products/83/images//marketing-verde-68ff77f0dd8f6.png
[2025-10-27 15:39:52] Iniciando uploadInternal...
 Viendo[2025-10-27 15:39:53] Archivo movido correctamente: /Applications/MAMP/htdocs/borjasdesign/app/controllers/admin/../../../products/58/images//earrings-gold-68ff9248d3d56.png
[2025-10-27 15:47:45] Iniciando uploadInternal...
 Viendo[2025-10-27 15:47:46] Archivo movido correctamente: /Applications/MAMP/htdocs/borjasdesign/app/controllers/admin/../../../products/59/images//earrings-gold-68ff9421c44a6.png
[2025-10-27 15:54:19] Iniciando uploadInternal...
 Viendo[2025-10-27 15:54:20] Archivo movido correctamente: /Applications/MAMP/htdocs/borjasdesign/app/controllers/admin/../../../products/60/images//earrings-gold-68ff95ab3a62a.png
[2025-10-27 15:55:33] Iniciando uploadInternal...
 Viendo[2025-10-27 15:55:34] Archivo movido correctamente: /Applications/MAMP/htdocs/borjasdesign/app/controllers/admin/../../../products/61/images//earrings-gold-68ff95f5152c8.png
[2025-10-27 15:57:16] Iniciando uploadInternal...
[2025-10-27 15:57:17] Archivo movido correctamente: /Applications/MAMP/htdocs/borjasdesign/app/controllers/admin/../../../products/62/images//earrings-gold-68ff965cd8140.png
[2025-10-27 15:58:14] Iniciando uploadInternal...
[2025-10-27 15:58:15] Archivo movido correctamente: /Applications/MAMP/htdocs/borjasdesign/app/controllers/admin/../../../products/63/images//earrings-gold-68ff9696d84fd.png
[2025-10-27 16:04:02] Iniciando uploadInternal...
[2025-10-27 16:04:03] Archivo movido correctamente: /Applications/MAMP/htdocs/borjasdesign/app/controllers/admin/../../../products/64/images//earrings-gold-68ff97f2912f2.png
[2025-10-27 16:27:59] Iniciando uploadInternal...
[2025-10-27 16:28:00] Archivo movido correctamente: /Applications/MAMP/htdocs/borjasdesign/app/controllers/admin/../../../products/65/images//earrings-red-68ff9d8f656f7.png
[2025-10-27 16:29:16] Iniciando uploadInternal...
[2025-10-27 16:29:17] Archivo movido correctamente: /Applications/MAMP/htdocs/borjasdesign/app/controllers/admin/../../../products/66/images//earrings-red-68ff9ddce5418.png
[2025-10-27 16:36:20] Iniciando uploadInternal...
[2025-10-27 16:36:21] Archivo movido correctamente: /Applications/MAMP/htdocs/borjasdesign/app/controllers/admin/../../../products/67/images//earrings-red-68ff9f84ba63d.png
[2025-10-28 04:28:00] Iniciando uploadInternal...
[2025-10-28 04:28:01] Archivo movido correctamente: /Applications/MAMP/htdocs/borjasdesign/app/controllers/admin/../../../products/68/images//earrings-verde-69004650b1e0d.png
[2025-10-28 04:29:03] Iniciando uploadInternal...
[2025-10-28 04:29:04] Archivo movido correctamente: /Applications/MAMP/htdocs/borjasdesign/app/controllers/admin/../../../products/69/images//bracelet-gold-6900468fe302f.png
[2025-10-28 04:36:23] Iniciando uploadInternal...
[2025-10-28 04:36:24] Archivo movido correctamente: /Applications/MAMP/htdocs/borjasdesign/app/controllers/admin/../../../products/70/images//earrings-gold-69004847bcbbd.png
[2025-10-28 09:51:36] Iniciando uploadInternal...
[2025-10-28 09:51:37] Archivo movido correctamente: /Applications/MAMP/htdocs/borjasdesign/app/controllers/admin/../../../uploads/products/1/images//earrings-gold-838292.png
[2025-10-28 10:09:41] Iniciando uploadInternal...
[2025-10-28 10:09:43] Archivo movido correctamente: /Applications/MAMP/htdocs/borjasdesign/app/controllers/admin/../../../uploads/products/2/images//earrings--b89b29.png
[2025-10-28 10:11:35] Iniciando uploadInternal...
[2025-10-28 10:11:36] Archivo movido correctamente: /Applications/MAMP/htdocs/borjasdesign/app/controllers/admin/../../../uploads/products/3/images//pendant--414bfc.png
[2025-10-28 10:14:04] Iniciando uploadInternal...
[2025-10-28 10:14:05] Archivo movido correctamente: /Applications/MAMP/htdocs/borjasdesign/app/controllers/admin/../../../uploads/products/4/images//earrings--49fee0.png
[2025-10-28 10:26:52] Iniciando uploadInternal...
[2025-10-28 10:26:53] Archivo movido correctamente: /Applications/MAMP/htdocs/borjasdesign/app/controllers/admin/../../../uploads/products/5/images//pendant-love-heart-142949.png
[2025-10-28 10:29:05] Iniciando uploadInternal...
[2025-10-28 10:29:07] Archivo movido correctamente: /Applications/MAMP/htdocs/borjasdesign/app/controllers/admin/../../../uploads/products/6/images//pendant-mushroom-5d13e1.png
[2025-10-28 10:34:30] Iniciando uploadInternal...
[2025-10-28 10:34:31] Archivo movido correctamente: /Applications/MAMP/htdocs/borjasdesign/app/controllers/admin/../../../uploads/products/7/images//bracelet-heart-2b7f8c.png
[2025-10-28 10:36:49] Iniciando uploadInternal...
[2025-10-28 10:36:50] Archivo movido correctamente: /Applications/MAMP/htdocs/borjasdesign/app/controllers/admin/../../../uploads/products/8/images//pendant-smiley-face-e5c525.png
[2025-10-28 10:38:15] Iniciando uploadInternal...
[2025-10-28 10:38:16] Archivo movido correctamente: /Applications/MAMP/htdocs/borjasdesign/app/controllers/admin/../../../uploads/products/9/images//pendant-multicolored-hear-503bb4.png
[2025-10-28 10:40:00] Iniciando uploadInternal...
[2025-10-28 10:40:01] Archivo movido correctamente: /Applications/MAMP/htdocs/borjasdesign/app/controllers/admin/../../../uploads/products/10/images//pendant-blue-horseshoe-39e9b6.png
